
      DEC STD BIN loader                                                  Page 1


    1             TITLE   "DEC STD BIN loader"
    2             
    3       7612  *7612
    4 07612 0000  SWITCH, 0                       /
    5 07613 0000  MEMTEM, 0                       /
    6 07614 0000  CHAR,   0                       /
    7 07615 0000  CHKSUM, 0                       /
    8 07616 0000  ORIGIN, 0                       /
    9             
   10       7626  *7626
   11 07626 0000  BEGG,   0                       /
   12 07627 3212          DCA SWITCH              / get switch
   13 07630 4260          JMS READ                / get a character
   14 07631 1300          TAD M376                / test for 377
   15 07632 7750          SPA SNA CLA             /
   16 07633 5237          JMP L1                  / no
   17 07634 2212          ISZ SWITCH              / yes, complement switch
   18 07635 7040          CMA                     /
   19 07636 5227          JMP BEGG+1              /
   20 07637 1212  L1,     TAD SWITCH              / not 377
   21 07640 7640          SZA CLA                 / is switch set?
   22 07641 5230          JMP BEGG+2              / yes; ignore
   23 07642 1214          TAD CHAR                / no; test for code
   24 07643 0274          AND MASK                / types
   25 07644 1341          TAD M200                / 
   26 07645 7510          SPA                     /
   27 07646 2226          ISZ BEGG                / data or origin
   28 07647 7750          SPA SNA CLA             /
   29 07650 5626          JMP I BEGG              / data, origin, or L/T
   30 07651 1214          TAD CHAR                / field setting
   31 07652 0256          AND FMASK               /
   32 07653 1257          TAD CHANGE              /
   33 07654 3213          DCA MEMTEM              /
   34 07655 5230          JMP BEGG+2              / continue input
   35             
   36 07656 0070  FMASK,  70                      /
   37 07657 6201  CHANGE, CDF                     /
   38             
   39 07660 0000  READ,   0                       / return address
   40 07661 0000          0                       / jmp to HIRI/LORI put here
   41 07662 6031  LOR,    KSF                     / wait for flag
   42 07663 5262          JMP .-1                 / loop
   43 07664 6036          KRB                     / read char
   44 07665 3214          DCA CHAR                / save
   45 07666 1214          TAD CHAR                / get
   46 07667 5660          JMP I READ              / return
   47 07670 6011  HIR,    RSF                     / wait for flag
   48 07671 5270          JMP .-1                 / loop
   49 07672 6016          RRB RFC                 / read char
   50 07673 5265          JMP LOR+3               / merge
   51             
   52 07674 0300  MASK,   300                     /
   53             
   54 07675 4343  BEND,   JMS ASSEMB              / trailer code seen
   55 07676 7041          CIA                     /
   56 07677 1215          TAD CHKSUM              /
   57 07700 7402  M376,   HLT                     /

      DEC STD BIN loader                                                  Page 2


   58 07701 6032  BEGIN,  KCC                     /
   59 07702 6014          RFC                     /
   60 07703 6214          RDF                     /
   61 07704 1257          TAD CHANGE              /
   62 07705 3213          DCA MEMTEM              / save field instruction
   63 07706 7604          CLA OSR                 / get switches, AC<0> selects
   64 07707 7700          SMA CLA                 /
   65 07710 1353          TAD HIRI                / AC<0>=0 hispeed reader
   66 07711 1352          TAD LORI                / AC<0>=1 lospeed reader
   67 07712 3261          DCA READ+1              /
   68 07713 4226          JMS BEGG                /
   69 07714 5313          JMP .-1                 / ignore leader
   70             
   71 07715 3215  GO,     DCA CHKSUM              / init checksum
   72 07716 1213          TAD MEMTEM              /
   73 07717 3336          DCA MEMFLD              /
   74 07720 1214          TAD CHAR                /
   75 07721 3376          DCA WORD1               /
   76 07722 4260          JMS READ                /
   77 07723 3355          DCA WORD2               /
   78 07724 4226          JMS BEGG                / look ahead
   79 07725 5275          JMP BEND                / trailer, end
   80 07726 4343          JMS ASSEMB              /
   81 07727 7420          SNL                     /
   82 07730 5336          JMP MEMFLD              /
   83 07731 3216          DCA ORIGIN              /
   84 07732 1376  CHEX,   TAD WORD1               /
   85 07733 1355          TAD WORD2               /
   86 07734 1215          TAD CHKSUM              /
   87 07735 5315          JMP GO                  /
   88             
   89 07736 6201  MEMFLD, CDF                     /
   90 07737 3616          DCA I ORIGIN            /
   91 07740 2216          ISZ ORIGIN              /
   92 07741 7600  M200,   -200                    /
   93 07742 5332          JMP CHEX                /
   94             
   95 07743 0000  ASSEMB, 0                       / return address
   96 07744 1376          TAD WORD1               /
   97 07745 7106          CLL RTL                 /
   98 07746 7006          RTL                     /
   99 07747 7006          RTL                     /
  100 07750 1355          TAD WORD2               /
  101 07751 5743          JMP I ASSEMB            / return
  102             
  103 07752 5262  LORI,   JMP LOR                 /
  104 07753 0006  HIRI,   HIR-LOR                 /
  105 07754 0000          0                       /
  106       7776  WORD1=7776                      /
  107 07755 0000  WORD2,  0                       /
  108             /
  109             / loc 7756-7776 is RIMLDR space
  110             /
  111       7777  *7777
  112 07777 5301          JMP BEGIN               / jump to start address
  113             

      No detected errors

      DEC STD BIN loader                                                  Page 3
                                                                    Symbol Table

    1  ASSEMB 07743 
    2  BEGG   07626 
    3  BEGIN  07701 
    4  BEND   07675 
    5  CHANGE 07657 
    6  CHAR   07614 
    7  CHEX   07732 
    8  CHKSUM 07615 
    9  FMASK  07656 
   10  GO     07715 
   11  HIR    07670 
   12  HIRI   07753 
   13  L1     07637 
   14  LOR    07662 
   15  LORI   07752 
   16  M200   07741 
   17  M376   07700 
   18  MASK   07674 
   19  MEMFLD 07736 
   20  MEMTEM 07613 
   21  ORIGIN 07616 
   22  READ   07660 
   23  SWITCH 07612 
   24  WORD1   7776 
   25  WORD2  07755 

      DEC STD BIN loader                                                  Page 4
                                                                 Cross Reference

    1 A     95  ASSEMB       54     80    101
    2 A     11  BEGG         19     22     27     29     34     68     78
    3 A     58  BEGIN       112
    4 A     54  BEND         79
    5 A     37  CHANGE       32     61
    6 A      6  CHAR         23     30     44     45     74
    7 A     84  CHEX         93
    8 A      7  CHKSUM       56     71     86
    9 A     36  FMASK        31
   10 A     71  GO           87
   11 A     47  HIR         104    104
   12 A    104  HIRI         65
   13 A     20  L1           16
   14 A     41  LOR          50    103    104
   15 A    103  LORI         66
   16 A     92  M200         25
   17 A     57  M376         14
   18 A     52  MASK         24
   19 A     89  MEMFLD       73     82
   20 A      5  MEMTEM       33     62     72
   21 A      8  ORIGIN       83     90     91
   22 A     39  READ         13     46     67     76
   23 A      4  SWITCH       12     17     20
   24 A    106  WORD1        75     84     96
   25 A    107  WORD2        77     85    100

      DEC STD BIN loader                                                  Page 5
                                                                      Memory Map

    1 00000/ ........ ........ ........ ........ ........ ........ ........ ........
    2 00100/ ........ ........ ........ ........ ........ ........ ........ ........
    3
    4 00200/ ........ ........ ........ ........ ........ ........ ........ ........
    5 00300/ ........ ........ ........ ........ ........ ........ ........ ........
    6
    7 00400/ ........ ........ ........ ........ ........ ........ ........ ........
    8 00500/ ........ ........ ........ ........ ........ ........ ........ ........
    9
   10 00600/ ........ ........ ........ ........ ........ ........ ........ ........
   11 00700/ ........ ........ ........ ........ ........ ........ ........ ........
   12
   13 01000/ ........ ........ ........ ........ ........ ........ ........ ........
   14 01100/ ........ ........ ........ ........ ........ ........ ........ ........
   15
   16 01200/ ........ ........ ........ ........ ........ ........ ........ ........
   17 01300/ ........ ........ ........ ........ ........ ........ ........ ........
   18
   19 01400/ ........ ........ ........ ........ ........ ........ ........ ........
   20 01500/ ........ ........ ........ ........ ........ ........ ........ ........
   21
   22 01600/ ........ ........ ........ ........ ........ ........ ........ ........
   23 01700/ ........ ........ ........ ........ ........ ........ ........ ........
   24
   25 02000/ ........ ........ ........ ........ ........ ........ ........ ........
   26 02100/ ........ ........ ........ ........ ........ ........ ........ ........
   27
   28 02200/ ........ ........ ........ ........ ........ ........ ........ ........
   29 02300/ ........ ........ ........ ........ ........ ........ ........ ........
   30
   31 02400/ ........ ........ ........ ........ ........ ........ ........ ........
   32 02500/ ........ ........ ........ ........ ........ ........ ........ ........
   33
   34 02600/ ........ ........ ........ ........ ........ ........ ........ ........
   35 02700/ ........ ........ ........ ........ ........ ........ ........ ........
   36
   37 03000/ ........ ........ ........ ........ ........ ........ ........ ........
   38 03100/ ........ ........ ........ ........ ........ ........ ........ ........
   39
   40 03200/ ........ ........ ........ ........ ........ ........ ........ ........
   41 03300/ ........ ........ ........ ........ ........ ........ ........ ........
   42
   43 03400/ ........ ........ ........ ........ ........ ........ ........ ........
   44 03500/ ........ ........ ........ ........ ........ ........ ........ ........
   45
   46 03600/ ........ ........ ........ ........ ........ ........ ........ ........
   47 03700/ ........ ........ ........ ........ ........ ........ ........ ........
   48

      DEC STD BIN loader                                                  Page 6
                                                                      Memory Map

   49 04000/ ........ ........ ........ ........ ........ ........ ........ ........
   50 04100/ ........ ........ ........ ........ ........ ........ ........ ........
   51
   52 04200/ ........ ........ ........ ........ ........ ........ ........ ........
   53 04300/ ........ ........ ........ ........ ........ ........ ........ ........
   54
   55 04400/ ........ ........ ........ ........ ........ ........ ........ ........
   56 04500/ ........ ........ ........ ........ ........ ........ ........ ........
   57
   58 04600/ ........ ........ ........ ........ ........ ........ ........ ........
   59 04700/ ........ ........ ........ ........ ........ ........ ........ ........
   60
   61 05000/ ........ ........ ........ ........ ........ ........ ........ ........
   62 05100/ ........ ........ ........ ........ ........ ........ ........ ........
   63
   64 05200/ ........ ........ ........ ........ ........ ........ ........ ........
   65 05300/ ........ ........ ........ ........ ........ ........ ........ ........
   66
   67 05400/ ........ ........ ........ ........ ........ ........ ........ ........
   68 05500/ ........ ........ ........ ........ ........ ........ ........ ........
   69
   70 05600/ ........ ........ ........ ........ ........ ........ ........ ........
   71 05700/ ........ ........ ........ ........ ........ ........ ........ ........
   72
   73 06000/ ........ ........ ........ ........ ........ ........ ........ ........
   74 06100/ ........ ........ ........ ........ ........ ........ ........ ........
   75
   76 06200/ ........ ........ ........ ........ ........ ........ ........ ........
   77 06300/ ........ ........ ........ ........ ........ ........ ........ ........
   78
   79 06400/ ........ ........ ........ ........ ........ ........ ........ ........
   80 06500/ ........ ........ ........ ........ ........ ........ ........ ........
   81
   82 06600/ ........ ........ ........ ........ ........ ........ ........ ........
   83 06700/ ........ ........ ........ ........ ........ ........ ........ ........
   84
   85 07000/ ........ ........ ........ ........ ........ ........ ........ ........
   86 07100/ ........ ........ ........ ........ ........ ........ ........ ........
   87
   88 07200/ ........ ........ ........ ........ ........ ........ ........ ........
   89 07300/ ........ ........ ........ ........ ........ ........ ........ ........
   90
   91 07400/ ........ ........ ........ ........ ........ ........ ........ ........
   92 07500/ ........ ........ ........ ........ ........ ........ ........ ........
   93
   94 07600/ ........ ..XXXXX. ......XX XXXXXXXX XXXXXXXX XXXXXXXX XXXXXXXX XXXXXXXX
   95 07700/ XXXXXXXX XXXXXXXX XXXXXXXX XXXXXXXX XXXXXXXX XXXXXX.. ........ .......X
   96
