
      DEC STD RIM loader                                                  Page 1


    1             TITLE   "DEC STD RIM loader"
    2             
    3       7756  *7756   / standard starting address
    4             
    5 07756 6032  BEGIN,  KCC                     / clear AC and flag
    6             
    7 07757 6031  MORE,   KSF                     / skip if character available
    8 07760 5357           JMP .-1                / wait for character
    9             
   10 07761 6036          KRB                     / read buffer and clear flag
   11 07762 7106          CLL RTL                 / ch<8:1> in AC<2:9>
   12 07763 7006          RTL                     / ch<8:1> in AC<0:7>
   13 07764 7510          SPA                     / skip if not leader
   14 07765 5357           JMP MORE               / jmp if leader seen
   15 07766 7006          RTL                     / ch<7> L, ch<6:1> in AC<0:5>
   16             
   17 07767 6031          KSF                     / skip if character available
   18 07770 5367           JMP .-1                / wait for character
   19             
   20 07771 6034          KRS                     / IOR buffer into AC<6:11>
   21 07772 7420          SNL                     / check for address (L=1)
   22 07773 3776           DCA I ADDR             / store data
   23 07774 3376          DCA ADDR                / store address
   24             
   25 07775 5356          JMP BEGIN               / loop
   26             
   27 07776 0000  ADDR,   0                       / address saved here
   28             

      No detected errors

      DEC STD RIM loader                                                  Page 2
                                                                    Symbol Table

    1  ADDR   07776 
    2  BEGIN  07756 
    3  MORE   07757 

      DEC STD RIM loader                                                  Page 3
                                                                 Cross Reference

    1 A     27  ADDR         22     23
    2 A      5  BEGIN        25
    3 A      7  MORE         14

      DEC STD RIM loader                                                  Page 4
                                                                      Memory Map

    1 00000/ ........ ........ ........ ........ ........ ........ ........ ........
    2 00100/ ........ ........ ........ ........ ........ ........ ........ ........
    3
    4 00200/ ........ ........ ........ ........ ........ ........ ........ ........
    5 00300/ ........ ........ ........ ........ ........ ........ ........ ........
    6
    7 00400/ ........ ........ ........ ........ ........ ........ ........ ........
    8 00500/ ........ ........ ........ ........ ........ ........ ........ ........
    9
   10 00600/ ........ ........ ........ ........ ........ ........ ........ ........
   11 00700/ ........ ........ ........ ........ ........ ........ ........ ........
   12
   13 01000/ ........ ........ ........ ........ ........ ........ ........ ........
   14 01100/ ........ ........ ........ ........ ........ ........ ........ ........
   15
   16 01200/ ........ ........ ........ ........ ........ ........ ........ ........
   17 01300/ ........ ........ ........ ........ ........ ........ ........ ........
   18
   19 01400/ ........ ........ ........ ........ ........ ........ ........ ........
   20 01500/ ........ ........ ........ ........ ........ ........ ........ ........
   21
   22 01600/ ........ ........ ........ ........ ........ ........ ........ ........
   23 01700/ ........ ........ ........ ........ ........ ........ ........ ........
   24
   25 02000/ ........ ........ ........ ........ ........ ........ ........ ........
   26 02100/ ........ ........ ........ ........ ........ ........ ........ ........
   27
   28 02200/ ........ ........ ........ ........ ........ ........ ........ ........
   29 02300/ ........ ........ ........ ........ ........ ........ ........ ........
   30
   31 02400/ ........ ........ ........ ........ ........ ........ ........ ........
   32 02500/ ........ ........ ........ ........ ........ ........ ........ ........
   33
   34 02600/ ........ ........ ........ ........ ........ ........ ........ ........
   35 02700/ ........ ........ ........ ........ ........ ........ ........ ........
   36
   37 03000/ ........ ........ ........ ........ ........ ........ ........ ........
   38 03100/ ........ ........ ........ ........ ........ ........ ........ ........
   39
   40 03200/ ........ ........ ........ ........ ........ ........ ........ ........
   41 03300/ ........ ........ ........ ........ ........ ........ ........ ........
   42
   43 03400/ ........ ........ ........ ........ ........ ........ ........ ........
   44 03500/ ........ ........ ........ ........ ........ ........ ........ ........
   45
   46 03600/ ........ ........ ........ ........ ........ ........ ........ ........
   47 03700/ ........ ........ ........ ........ ........ ........ ........ ........
   48

      DEC STD RIM loader                                                  Page 5
                                                                      Memory Map

   49 04000/ ........ ........ ........ ........ ........ ........ ........ ........
   50 04100/ ........ ........ ........ ........ ........ ........ ........ ........
   51
   52 04200/ ........ ........ ........ ........ ........ ........ ........ ........
   53 04300/ ........ ........ ........ ........ ........ ........ ........ ........
   54
   55 04400/ ........ ........ ........ ........ ........ ........ ........ ........
   56 04500/ ........ ........ ........ ........ ........ ........ ........ ........
   57
   58 04600/ ........ ........ ........ ........ ........ ........ ........ ........
   59 04700/ ........ ........ ........ ........ ........ ........ ........ ........
   60
   61 05000/ ........ ........ ........ ........ ........ ........ ........ ........
   62 05100/ ........ ........ ........ ........ ........ ........ ........ ........
   63
   64 05200/ ........ ........ ........ ........ ........ ........ ........ ........
   65 05300/ ........ ........ ........ ........ ........ ........ ........ ........
   66
   67 05400/ ........ ........ ........ ........ ........ ........ ........ ........
   68 05500/ ........ ........ ........ ........ ........ ........ ........ ........
   69
   70 05600/ ........ ........ ........ ........ ........ ........ ........ ........
   71 05700/ ........ ........ ........ ........ ........ ........ ........ ........
   72
   73 06000/ ........ ........ ........ ........ ........ ........ ........ ........
   74 06100/ ........ ........ ........ ........ ........ ........ ........ ........
   75
   76 06200/ ........ ........ ........ ........ ........ ........ ........ ........
   77 06300/ ........ ........ ........ ........ ........ ........ ........ ........
   78
   79 06400/ ........ ........ ........ ........ ........ ........ ........ ........
   80 06500/ ........ ........ ........ ........ ........ ........ ........ ........
   81
   82 06600/ ........ ........ ........ ........ ........ ........ ........ ........
   83 06700/ ........ ........ ........ ........ ........ ........ ........ ........
   84
   85 07000/ ........ ........ ........ ........ ........ ........ ........ ........
   86 07100/ ........ ........ ........ ........ ........ ........ ........ ........
   87
   88 07200/ ........ ........ ........ ........ ........ ........ ........ ........
   89 07300/ ........ ........ ........ ........ ........ ........ ........ ........
   90
   91 07400/ ........ ........ ........ ........ ........ ........ ........ ........
   92 07500/ ........ ........ ........ ........ ........ ........ ........ ........
   93
   94 07600/ ........ ........ ........ ........ ........ ........ ........ ........
   95 07700/ ........ ........ ........ ........ ........ ......XX XXXXXXXX XXXXXXX.
   96
